main.c:118:5:main	8	static
main.c:220:6:SystemClock_Config	88	static
main.c:264:13:MX_TIM2_Init	64	static
main.c:323:13:MX_USART1_UART_Init	8	static
main.c:356:13:MX_USART2_UART_Init	8	static
main.c:389:13:MX_GPIO_Init	48	static
main.c:441:6:StartDefaultTask	16	static
main.c:462:7:get_weight	24	static
main.c:478:6:weightThread	32	static
main.c:505:6:infraredSensor	16	static
main.c:534:6:WiFiHandler	72	static
main.c:553:6:Callback01	16	static
main.c:564:6:Error_Handler	4	static,ignoring_inline_asm
